// Jest Snapshot v1, https://goo.gl/fbAQLP

exports[`should render each list item 1`] = `
<div>
  <Link
    replace={false}
    to="/edit/1"
  >
    <h2>
      gum
    </h2>
  </Link>
  <p>
     
    123
     - 
    0
     
  </p>
</div>
`;
