// Jest Snapshot v1, https://goo.gl/fbAQLP

exports[`should render notfoundpage 1`] = `
<div>
  404 error - 
  <Link
    replace={false}
    to="/"
  >
     go Home 
  </Link>
</div>
`;
